[     139ms] [LOG] [Fast Refresh] rebuilding @ http://localhost:3000/_next/static/chunks/0jj2_next_dist_02hivi~._.js:2477
[     202ms] [LOG] [Fast Refresh] done in 175ms @ http://localhost:3000/_next/static/chunks/0jj2_next_dist_02hivi~._.js:2477
[     471ms] [INFO] %cDownload the React DevTools for a better development experience: https://react.dev/link/react-devtools font-weight:bold @ http://localhost:3000/_next/static/chunks/0jj2_next_dist_02hivi~._.js:2477
[     546ms] [LOG] [HMR] connected @ http://localhost:3000/_next/static/chunks/0jj2_next_dist_02hivi~._.js:2477
[     908ms] [LOG] [Fast Refresh] rebuilding @ http://localhost:3000/_next/static/chunks/0jj2_next_dist_02hivi~._.js:2477
[     982ms] [LOG] [Fast Refresh] done in 176ms @ http://localhost:3000/_next/static/chunks/0jj2_next_dist_02hivi~._.js:2477
[   62918ms] [LOG] [Fast Refresh] rebuilding @ http://localhost:3000/_next/static/chunks/0jj2_next_dist_02hivi~._.js:2477
[   63189ms] [ERROR] ./Downloads/SpayV2/web/src/app/page.tsx:374:17
Unexpected token. Did you mean `{'>'}` or `&gt;`?
  372 |           </div>
  373 |         </div>
> 374 |       </header>r>
      |                 ^
  375 |
  376 |       {/* Interactive App Preview Section (Sanity Studio split-pane) */}
  377 |       <section id="preview" className="w-full max-w-6xl mx-auto px-6 md:px-12 py-20 preview-reveal relative">

Parsing ecmascript source code failed

Generated code of loaders [next/dist/build/babel/loader] transform of file content of Downloads/SpayV2/web/src/app/page.tsx:
./Downloads/SpayV2/web/src/app/page.tsx:374:17
  372 |           </div>
  373 |         </div>
> 374 |       </header>r>
      |                 ^
  375 |
  376 |       {/* Interactive App Preview Section (Sanity Studio split-pane) */}
  377 |       <section id="preview" className="w-full max-w-6xl mx-auto px-6 md:px-12 py-20 preview-reveal relative">

Import traces:
  Client Component Browser:
    ./Downloads/SpayV2/web/src/app/page.tsx [Client Component Browser]
    ./Downloads/SpayV2/web/src/app/page.tsx [Server Component]

  Client Component SSR:
    ./Downloads/SpayV2/web/src/app/page.tsx [Client Component SSR]
    ./Downloads/SpayV2/web/src/app/page.tsx [Server Component] @ http://localhost:3000/_next/static/chunks/0jj2_next_dist_02hivi~._.js:3318
[   63295ms] [ERROR] ./Downloads/SpayV2/web/src/app/page.tsx:374:17
Unexpected token. Did you mean `{'>'}` or `&gt;`?
  372 |           </div>
  373 |         </div>
> 374 |       </header>r>
      |                 ^
  375 |
  376 |       {/* Interactive App Preview Section (Sanity Studio split-pane) */}
  377 |       <section id="preview" className="w-full max-w-6xl mx-auto px-6 md:px-12 py-20 preview-reveal relative">

Parsing ecmascript source code failed

Generated code of loaders [next/dist/build/babel/loader] transform of file content of Downloads/SpayV2/web/src/app/page.tsx:
./Downloads/SpayV2/web/src/app/page.tsx:374:17
  372 |           </div>
  373 |         </div>
> 374 |       </header>r>
      |                 ^
  375 |
  376 |       {/* Interactive App Preview Section (Sanity Studio split-pane) */}
  377 |       <section id="preview" className="w-full max-w-6xl mx-auto px-6 md:px-12 py-20 preview-reveal relative">

Import traces:
  Client Component Browser:
    ./Downloads/SpayV2/web/src/app/page.tsx [Client Component Browser]
    ./Downloads/SpayV2/web/src/app/page.tsx [Server Component]

  Client Component SSR:
    ./Downloads/SpayV2/web/src/app/page.tsx [Client Component SSR]
    ./Downloads/SpayV2/web/src/app/page.tsx [Server Component] @ http://localhost:3000/_next/static/chunks/0jj2_next_dist_02hivi~._.js:3318
[   63400ms] [LOG] [Fast Refresh] rebuilding @ http://localhost:3000/_next/static/chunks/0jj2_next_dist_02hivi~._.js:2477
[   63402ms] [ERROR] Failed to load resource: the server responded with a status of 500 (Internal Server Error) @ http://localhost:3000/?_rsc=q3mOO9BClNZHexY7:0
[   63407ms] [ERROR] ./Downloads/SpayV2/web/src/app/page.tsx:374:17
Unexpected token. Did you mean `{'>'}` or `&gt;`?
  372 |           </div>
  373 |         </div>
> 374 |       </header>r>
      |                 ^
  375 |
  376 |       {/* Interactive App Preview Section (Sanity Studio split-pane) */}
  377 |       <section id="preview" className="w-full max-w-6xl mx-auto px-6 md:px-12 py-20 preview-reveal relative">

Parsing ecmascript source code failed

Generated code of loaders [next/dist/build/babel/loader] transform of file content of Downloads/SpayV2/web/src/app/page.tsx:
./Downloads/SpayV2/web/src/app/page.tsx:374:17
  372 |           </div>
  373 |         </div>
> 374 |       </header>r>
      |                 ^
  375 |
  376 |       {/* Interactive App Preview Section (Sanity Studio split-pane) */}
  377 |       <section id="preview" className="w-full max-w-6xl mx-auto px-6 md:px-12 py-20 preview-reveal relative">

Import traces:
  Client Component Browser:
    ./Downloads/SpayV2/web/src/app/page.tsx [Client Component Browser]
    ./Downloads/SpayV2/web/src/app/page.tsx [Server Component]

  Client Component SSR:
    ./Downloads/SpayV2/web/src/app/page.tsx [Client Component SSR]
    ./Downloads/SpayV2/web/src/app/page.tsx [Server Component] @ http://localhost:3000/_next/static/chunks/0jj2_next_dist_02hivi~._.js:3318
[   63539ms] [LOG] [Fast Refresh] rebuilding @ http://localhost:3000/_next/static/chunks/0jj2_next_dist_02hivi~._.js:2477
[   63563ms] [ERROR] ./Downloads/SpayV2/web/src/app/page.tsx:374:17
Unexpected token. Did you mean `{'>'}` or `&gt;`?
  372 |           </div>
  373 |         </div>
> 374 |       </header>r>
      |                 ^
  375 |
  376 |       {/* Interactive App Preview Section (Sanity Studio split-pane) */}
  377 |       <section id="preview" className="w-full max-w-6xl mx-auto px-6 md:px-12 py-20 preview-reveal relative">

Parsing ecmascript source code failed

Generated code of loaders [next/dist/build/babel/loader] transform of file content of Downloads/SpayV2/web/src/app/page.tsx:
./Downloads/SpayV2/web/src/app/page.tsx:374:17
  372 |           </div>
  373 |         </div>
> 374 |       </header>r>
      |                 ^
  375 |
  376 |       {/* Interactive App Preview Section (Sanity Studio split-pane) */}
  377 |       <section id="preview" className="w-full max-w-6xl mx-auto px-6 md:px-12 py-20 preview-reveal relative">

Import traces:
  Client Component Browser:
    ./Downloads/SpayV2/web/src/app/page.tsx [Client Component Browser]
    ./Downloads/SpayV2/web/src/app/page.tsx [Server Component]

  Client Component SSR:
    ./Downloads/SpayV2/web/src/app/page.tsx [Client Component SSR]
    ./Downloads/SpayV2/web/src/app/page.tsx [Server Component] @ http://localhost:3000/_next/static/chunks/0jj2_next_dist_02hivi~._.js:3318
[   63564ms] [ERROR] Failed to load resource: the server responded with a status of 500 (Internal Server Error) @ http://localhost:3000/?_rsc=q3mOO9BClNZHexY7:0
[   63609ms] [ERROR] ./Downloads/SpayV2/web/src/app/page.tsx:374:17
Unexpected token. Did you mean `{'>'}` or `&gt;`?
  372 |           </div>
  373 |         </div>
> 374 |       </header>r>
      |                 ^
  375 |
  376 |       {/* Interactive App Preview Section (Sanity Studio split-pane) */}
  377 |       <section id="preview" className="w-full max-w-6xl mx-auto px-6 md:px-12 py-20 preview-reveal relative">

Parsing ecmascript source code failed

Generated code of loaders [next/dist/build/babel/loader] transform of file content of Downloads/SpayV2/web/src/app/page.tsx:
./Downloads/SpayV2/web/src/app/page.tsx:374:17
  372 |           </div>
  373 |         </div>
> 374 |       </header>r>
      |                 ^
  375 |
  376 |       {/* Interactive App Preview Section (Sanity Studio split-pane) */}
  377 |       <section id="preview" className="w-full max-w-6xl mx-auto px-6 md:px-12 py-20 preview-reveal relative">

Import traces:
  Client Component Browser:
    ./Downloads/SpayV2/web/src/app/page.tsx [Client Component Browser]
    ./Downloads/SpayV2/web/src/app/page.tsx [Server Component]

  Client Component SSR:
    ./Downloads/SpayV2/web/src/app/page.tsx [Client Component SSR]
    ./Downloads/SpayV2/web/src/app/page.tsx [Server Component] @ http://localhost:3000/_next/static/chunks/0jj2_next_dist_02hivi~._.js:3318
[   63616ms] [ERROR] Failed to load resource: the server responded with a status of 500 (Internal Server Error) @ http://localhost:3000/:0
[   63864ms] [INFO] %cDownload the React DevTools for a better development experience: https://react.dev/link/react-devtools font-weight:bold @ http://localhost:3000/_next/static/chunks/0jj2_react-dom_0dcpko_._.js:15305
[   63961ms] Error: ./Downloads/SpayV2/web/src/app/page.tsx:374:17
Unexpected token. Did you mean `{'>'}` or `&gt;`?
  372 |           </div>
  373 |         </div>
> 374 |       </header>r>
      |                 ^
  375 |
  376 |       {/* Interactive App Preview Section (Sanity Studio split-pane) */}
  377 |       <section id="preview" className="w-full max-w-6xl mx-auto px-6 md:px-12 py-20 preview-reveal relative">

Parsing ecmascript source code failed

Generated code of loaders [next/dist/build/babel/loader] transform of file content of Downloads/SpayV2/web/src/app/page.tsx:
./Downloads/SpayV2/web/src/app/page.tsx:374:17
  372 |           </div>
  373 |         </div>
> 374 |       </header>r>
      |                 ^
  375 |
  376 |       {/* Interactive App Preview Section (Sanity Studio split-pane) */}
  377 |       <section id="preview" className="w-full max-w-6xl mx-auto px-6 md:px-12 py-20 preview-reveal relative">

Import traces:
  Client Component Browser:
    ./Downloads/SpayV2/web/src/app/page.tsx [Client Component Browser]
    ./Downloads/SpayV2/web/src/app/page.tsx [Server Component]

  Client Component SSR:
    ./Downloads/SpayV2/web/src/app/page.tsx [Client Component SSR]
    ./Downloads/SpayV2/web/src/app/page.tsx [Server Component]


    at <unknown> (Error: ./Downloads/SpayV2/web/src/app/page.tsx:374:17)
    at <unknown> (./Downloads/SpayV2/web/src/app/page.tsx:374:17)
    at Object.getCompilationErrors (file://C:\Users\Lorenzo Bela\Downloads\SpayV2\web\node_modules\next\dist\server\dev\hot-reloader-turbopack.js:1186:59)
    at DevBundlerService.getCompilationError (file://C:\Users\Lorenzo Bela\Downloads\SpayV2\web\node_modules\next\dist\server\lib\dev-bundler-service.js:44:55)
    at DevServer.getCompilationError (file://C:\Users\Lorenzo Bela\Downloads\SpayV2\web\node_modules\next\dist\server\dev\next-dev-server.js:720:42)
    at DevServer.findPageComponents (file://C:\Users\Lorenzo Bela\Downloads\SpayV2\web\node_modules\next\dist\server\dev\next-dev-server.js:690:43)
    at async DevServer.renderErrorToResponseImpl (file://C:\Users\Lorenzo Bela\Downloads\SpayV2\web\node_modules\next\dist\server\base-server.js:1753:26)
[   63960ms] [LOG] [HMR] connected @ http://localhost:3000/_next/static/chunks/0jj2_next_dist_0qti.d7._.js:1226
[   63967ms] [ERROR] ./Downloads/SpayV2/web/src/app/page.tsx:374:17
Unexpected token. Did you mean `{'>'}` or `&gt;`?
  372 |           </div>
  373 |         </div>
> 374 |       </header>r>
      |                 ^
  375 |
  376 |       {/* Interactive App Preview Section (Sanity Studio split-pane) */}
  377 |       <section id="preview" className="w-full max-w-6xl mx-auto px-6 md:px-12 py-20 preview-reveal relative">

Parsing ecmascript source code failed

Generated code of loaders [next/dist/build/babel/loader] transform of file content of Downloads/SpayV2/web/src/app/page.tsx:
./Downloads/SpayV2/web/src/app/page.tsx:374:17
  372 |           </div>
  373 |         </div>
> 374 |       </header>r>
      |                 ^
  375 |
  376 |       {/* Interactive App Preview Section (Sanity Studio split-pane) */}
  377 |       <section id="preview" className="w-full max-w-6xl mx-auto px-6 md:px-12 py-20 preview-reveal relative">

Import traces:
  Client Component Browser:
    ./Downloads/SpayV2/web/src/app/page.tsx [Client Component Browser]
    ./Downloads/SpayV2/web/src/app/page.tsx [Server Component]

  Client Component SSR:
    ./Downloads/SpayV2/web/src/app/page.tsx [Client Component SSR]
    ./Downloads/SpayV2/web/src/app/page.tsx [Server Component] @ http://localhost:3000/_next/static/chunks/0jj2_next_dist_0qti.d7._.js:1945
[   64080ms] [ERROR] ./Downloads/SpayV2/web/src/app/page.tsx:374:17
Unexpected token. Did you mean `{'>'}` or `&gt;`?
  372 |           </div>
  373 |         </div>
> 374 |       </header>r>
      |                 ^
  375 |
  376 |       {/* Interactive App Preview Section (Sanity Studio split-pane) */}
  377 |       <section id="preview" className="w-full max-w-6xl mx-auto px-6 md:px-12 py-20 preview-reveal relative">

Parsing ecmascript source code failed

Generated code of loaders [next/dist/build/babel/loader] transform of file content of Downloads/SpayV2/web/src/app/page.tsx:
./Downloads/SpayV2/web/src/app/page.tsx:374:17
  372 |           </div>
  373 |         </div>
> 374 |       </header>r>
      |                 ^
  375 |
  376 |       {/* Interactive App Preview Section (Sanity Studio split-pane) */}
  377 |       <section id="preview" className="w-full max-w-6xl mx-auto px-6 md:px-12 py-20 preview-reveal relative">

Import traces:
  Client Component Browser:
    ./Downloads/SpayV2/web/src/app/page.tsx [Client Component Browser]
    ./Downloads/SpayV2/web/src/app/page.tsx [Server Component]

  Client Component SSR:
    ./Downloads/SpayV2/web/src/app/page.tsx [Client Component SSR]
    ./Downloads/SpayV2/web/src/app/page.tsx [Server Component] @ http://localhost:3000/_next/static/chunks/0jj2_next_dist_0qti.d7._.js:1945
[   64081ms] [LOG] [Fast Refresh] rebuilding @ http://localhost:3000/_next/static/chunks/0jj2_next_dist_0qti.d7._.js:1226
[   71938ms] [LOG] [Fast Refresh] rebuilding @ http://localhost:3000/_next/static/chunks/0jj2_next_dist_0qti.d7._.js:1226
[   72210ms] [WARNING] [Fast Refresh] performing full reload because your application had an unrecoverable error @ http://localhost:3000/_next/static/chunks/0jj2_next_dist_0qti.d7._.js:1226
[   72229ms] [LOG] [Fast Refresh] done in 377ms @ http://localhost:3000/_next/static/chunks/0jj2_next_dist_0qti.d7._.js:1226
[   72352ms] [LOG] [Fast Refresh] rebuilding @ http://localhost:3000/_next/static/chunks/0jj2_next_dist_0qti.d7._.js:1226
[   72510ms] [LOG] [Fast Refresh] done in 275ms @ http://localhost:3000/_next/static/chunks/0jj2_next_dist_0qti.d7._.js:1226
[   72616ms] [LOG] [Fast Refresh] rebuilding @ http://localhost:3000/_next/static/chunks/0jj2_next_dist_0qti.d7._.js:1226
[   72844ms] [LOG] [Fast Refresh] done in 330ms @ http://localhost:3000/_next/static/chunks/0jj2_next_dist_0qti.d7._.js:1226
[   73225ms] [INFO] %cDownload the React DevTools for a better development experience: https://react.dev/link/react-devtools font-weight:bold @ http://localhost:3000/_next/static/chunks/0jj2_next_dist_02hivi~._.js:2477
[   73284ms] [LOG] [HMR] connected @ http://localhost:3000/_next/static/chunks/0jj2_next_dist_02hivi~._.js:2477
