Saved artifact at 'C:\Users\Lorenzo Bela\Downloads\Elective Machine Learning\ml-perception-labs\lab09_conversion\saved_model'. The following endpoints are available:

* Endpoint 'serving_default'
  inputs_0 (POSITIONAL_ONLY): TensorSpec(shape=(1, 64, 64, 3), dtype=tf.float32, name='input')
Output Type:
  TensorSpec(shape=(1, 5), dtype=tf.float32, name=None)
Captures:
  2460241771024: TensorSpec(shape=(4, 2), dtype=tf.int32, name=None)
  2460241771408: TensorSpec(shape=(3, 3, 3, 32), dtype=tf.float32, name=None)
  2460241770832: TensorSpec(shape=(32,), dtype=tf.float32, name=None)
  2460322586000: TensorSpec(shape=(3, 3, 32, 1), dtype=tf.float32, name=None)
  2460322584848: TensorSpec(shape=(32,), dtype=tf.float32, name=None)
  2460322587920: TensorSpec(shape=(1, 1, 32, 16), dtype=tf.float32, name=None)
  2460322587152: TensorSpec(shape=(16,), dtype=tf.float32, name=None)
  2460322588112: TensorSpec(shape=(1, 1, 16, 96), dtype=tf.float32, name=None)
  2460322587536: TensorSpec(shape=(96,), dtype=tf.float32, name=None)
  2460270395856: TensorSpec(shape=(4, 2), dtype=tf.int32, name=None)
  2460322585808: TensorSpec(shape=(3, 3, 96, 1), dtype=tf.float32, name=None)
  2460241770640: TensorSpec(shape=(96,), dtype=tf.float32, name=None)
  2460322586384: TensorSpec(shape=(1, 1, 96, 24), dtype=tf.float32, name=None)
  2460322587728: TensorSpec(shape=(24,), dtype=tf.float32, name=None)
  2460322585040: TensorSpec(shape=(1, 1, 24, 144), dtype=tf.float32, name=None)
  2460322586768: TensorSpec(shape=(144,), dtype=tf.float32, name=None)
  2460322585616: TensorSpec(shape=(3, 3, 144, 1), dtype=tf.float32, name=None)
  2460322586960: TensorSpec(shape=(144,), dtype=tf.float32, name=None)
  2460322586576: TensorSpec(shape=(1, 1, 144, 24), dtype=tf.float32, name=None)
  2460322586192: TensorSpec(shape=(24,), dtype=tf.float32, name=None)
  2460322585424: TensorSpec(shape=(1, 1, 24, 144), dtype=tf.float32, name=None)
  2460322588304: TensorSpec(shape=(144,), dtype=tf.float32, name=None)
  2460322587344: TensorSpec(shape=(4, 2), dtype=tf.int32, name=None)
  2460322589264: TensorSpec(shape=(3, 3, 144, 1), dtype=tf.float32, name=None)
  2460322588688: TensorSpec(shape=(144,), dtype=tf.float32, name=None)
  2460322589456: TensorSpec(shape=(1, 1, 144, 32), dtype=tf.float32, name=None)
  2460322588880: TensorSpec(shape=(32,), dtype=tf.float32, name=None)
  2460322589840: TensorSpec(shape=(1, 1, 32, 192), dtype=tf.float32, name=None)
  2460322589072: TensorSpec(shape=(192,), dtype=tf.float32, name=None)
  2460322590224: TensorSpec(shape=(3, 3, 192, 1), dtype=tf.float32, name=None)
  2460322589648: TensorSpec(shape=(192,), dtype=tf.float32, name=None)
  2460322590800: TensorSpec(shape=(1, 1, 192, 32), dtype=tf.float32, name=None)
  2460322590416: TensorSpec(shape=(32,), dtype=tf.float32, name=None)
  2460322590992: TensorSpec(shape=(1, 1, 32, 192), dtype=tf.float32, name=None)
  2460322590032: TensorSpec(shape=(192,), dtype=tf.float32, name=None)
  2460322591376: TensorSpec(shape=(3, 3, 192, 1), dtype=tf.float32, name=None)
  2460322591184: TensorSpec(shape=(192,), dtype=tf.float32, name=None)
  2460322591952: TensorSpec(shape=(1, 1, 192, 32), dtype=tf.float32, name=None)
  2460322591568: TensorSpec(shape=(32,), dtype=tf.float32, name=None)
  2460322592144: TensorSpec(shape=(1, 1, 32, 192), dtype=tf.float32, name=None)
  2460322590608: TensorSpec(shape=(192,), dtype=tf.float32, name=None)
  2460322591760: TensorSpec(shape=(4, 2), dtype=tf.int32, name=None)
  2460322592912: TensorSpec(shape=(3, 3, 192, 1), dtype=tf.float32, name=None)
  2460322592336: TensorSpec(shape=(192,), dtype=tf.float32, name=None)
  2460322593104: TensorSpec(shape=(1, 1, 192, 64), dtype=tf.float32, name=None)
  2460322592528: TensorSpec(shape=(64,), dtype=tf.float32, name=None)
  2460322593488: TensorSpec(shape=(1, 1, 64, 384), dtype=tf.float32, name=None)
  2460322592720: TensorSpec(shape=(384,), dtype=tf.float32, name=None)
  2460322593872: TensorSpec(shape=(3, 3, 384, 1), dtype=tf.float32, name=None)
  2460322593296: TensorSpec(shape=(384,), dtype=tf.float32, name=None)
  2460322594256: TensorSpec(shape=(1, 1, 384, 64), dtype=tf.float32, name=None)
  2460322594064: TensorSpec(shape=(64,), dtype=tf.float32, name=None)
  2460322594640: TensorSpec(shape=(1, 1, 64, 384), dtype=tf.float32, name=None)
  2460322593680: TensorSpec(shape=(384,), dtype=tf.float32, name=None)
  2460268708112: TensorSpec(shape=(3, 3, 384, 1), dtype=tf.float32, name=None)
  2460322594448: TensorSpec(shape=(384,), dtype=tf.float32, name=None)
  2460268708496: TensorSpec(shape=(1, 1, 384, 64), dtype=tf.float32, name=None)
  2460268708304: TensorSpec(shape=(64,), dtype=tf.float32, name=None)
  2460268708880: TensorSpec(shape=(1, 1, 64, 384), dtype=tf.float32, name=None)
  2460268708688: TensorSpec(shape=(384,), dtype=tf.float32, name=None)
  2460268709264: TensorSpec(shape=(3, 3, 384, 1), dtype=tf.float32, name=None)
  2460268709072: TensorSpec(shape=(384,), dtype=tf.float32, name=None)
  2460268709648: TensorSpec(shape=(1, 1, 384, 64), dtype=tf.float32, name=None)
  2460268709456: TensorSpec(shape=(64,), dtype=tf.float32, name=None)
  2460268710032: TensorSpec(shape=(1, 1, 64, 384), dtype=tf.float32, name=None)
  2460268709840: TensorSpec(shape=(384,), dtype=tf.float32, name=None)
  2460268710416: TensorSpec(shape=(3, 3, 384, 1), dtype=tf.float32, name=None)
  2460268710224: TensorSpec(shape=(384,), dtype=tf.float32, name=None)
  2460268710800: TensorSpec(shape=(1, 1, 384, 96), dtype=tf.float32, name=None)
  2460268710608: TensorSpec(shape=(96,), dtype=tf.float32, name=None)
  2460268711184: TensorSpec(shape=(1, 1, 96, 576), dtype=tf.float32, name=None)
  2460268707920: TensorSpec(shape=(576,), dtype=tf.float32, name=None)
  2460268711568: TensorSpec(shape=(3, 3, 576, 1), dtype=tf.float32, name=None)
  2460268710992: TensorSpec(shape=(576,), dtype=tf.float32, name=None)
  2460268711952: TensorSpec(shape=(1, 1, 576, 96), dtype=tf.float32, name=None)
  2460268711760: TensorSpec(shape=(96,), dtype=tf.float32, name=None)
  2460268712336: TensorSpec(shape=(1, 1, 96, 576), dtype=tf.float32, name=None)
  2460268712144: TensorSpec(shape=(576,), dtype=tf.float32, name=None)
  2460268712720: TensorSpec(shape=(3, 3, 576, 1), dtype=tf.float32, name=None)
  2460268712528: TensorSpec(shape=(576,), dtype=tf.float32, name=None)
  2460268713104: TensorSpec(shape=(1, 1, 576, 96), dtype=tf.float32, name=None)
  2460268712912: TensorSpec(shape=(96,), dtype=tf.float32, name=None)
  2460268713488: TensorSpec(shape=(1, 1, 96, 576), dtype=tf.float32, name=None)
  2460268713296: TensorSpec(shape=(576,), dtype=tf.float32, name=None)
  2460268711376: TensorSpec(shape=(4, 2), dtype=tf.int32, name=None)
  2460268714256: TensorSpec(shape=(3, 3, 576, 1), dtype=tf.float32, name=None)
  2460268713680: TensorSpec(shape=(576,), dtype=tf.float32, name=None)
  2460268714448: TensorSpec(shape=(1, 1, 576, 160), dtype=tf.float32, name=None)
  2460268713872: TensorSpec(shape=(160,), dtype=tf.float32, name=None)
  2460268714832: TensorSpec(shape=(1, 1, 160, 960), dtype=tf.float32, name=None)
  2460268714064: TensorSpec(shape=(960,), dtype=tf.float32, name=None)
  2460268715216: TensorSpec(shape=(3, 3, 960, 1), dtype=tf.float32, name=None)
  2460268714640: TensorSpec(shape=(960,), dtype=tf.float32, name=None)
  2460268715600: TensorSpec(shape=(1, 1, 960, 160), dtype=tf.float32, name=None)
  2460268715408: TensorSpec(shape=(160,), dtype=tf.float32, name=None)
  2460268715984: TensorSpec(shape=(1, 1, 160, 960), dtype=tf.float32, name=None)
  2460268715792: TensorSpec(shape=(960,), dtype=tf.float32, name=None)
  2460268716368: TensorSpec(shape=(3, 3, 960, 1), dtype=tf.float32, name=None)
  2460268716176: TensorSpec(shape=(960,), dtype=tf.float32, name=None)
  2460268716752: TensorSpec(shape=(1, 1, 960, 160), dtype=tf.float32, name=None)
  2460268716560: TensorSpec(shape=(160,), dtype=tf.float32, name=None)
  2460268717136: TensorSpec(shape=(1, 1, 160, 960), dtype=tf.float32, name=None)
  2460268716944: TensorSpec(shape=(960,), dtype=tf.float32, name=None)
  2460268717520: TensorSpec(shape=(3, 3, 960, 1), dtype=tf.float32, name=None)
  2460268717328: TensorSpec(shape=(960,), dtype=tf.float32, name=None)
  2460268717904: TensorSpec(shape=(1, 1, 960, 320), dtype=tf.float32, name=None)
  2460268717712: TensorSpec(shape=(320,), dtype=tf.float32, name=None)
  2460268718288: TensorSpec(shape=(1, 1, 320, 1280), dtype=tf.float32, name=None)
  2460268715024: TensorSpec(shape=(1280,), dtype=tf.float32, name=None)
  2460268720976: TensorSpec(shape=(1280, 5), dtype=tf.float32, name=None)
  2460268721168: TensorSpec(shape=(), dtype=tf.float32, name=None)
  2460268721936: TensorSpec(shape=(5,), dtype=tf.float32, name=None)

WARNING: All log messages before absl::InitializeLog() is called are written to STDERR
I0000 00:00:1778676945.628263   48268 port.cc:153] oneDNN custom operations are on. You may see slightly different numerical results due to floating-point round-off errors from different computation orders. To turn them off, set the environment variable `TF_ENABLE_ONEDNN_OPTS=0`.
WARNING: All log messages before absl::InitializeLog() is called are written to STDERR
I0000 00:00:1778676949.271658   48268 port.cc:153] oneDNN custom operations are on. You may see slightly different numerical results due to floating-point round-off errors from different computation orders. To turn them off, set the environment variable `TF_ENABLE_ONEDNN_OPTS=0`.
WARNING:tensorflow:From c:\Users\Lorenzo Bela\Downloads\Elective Machine Learning\.venv\Lib\site-packages\tf_keras\src\losses.py:2976: The name tf.losses.sparse_softmax_cross_entropy is deprecated. Please use tf.compat.v1.losses.sparse_softmax_cross_entropy instead.

