Saved artifact at 'ml-perception-labs\lab10_rpi_deployment\deployment_package\saved_model_lab10'. The following endpoints are available:

* Endpoint 'serving_default'
  inputs_0 (POSITIONAL_ONLY): TensorSpec(shape=(1, 128, 128, 3), dtype=tf.float32, name='input')
Output Type:
  TensorSpec(shape=(1, 5), dtype=tf.float32, name=None)
Captures:
  1923346208272: TensorSpec(shape=(4, 2), dtype=tf.int32, name=None)
  1923346204624: TensorSpec(shape=(3, 3, 3, 16), dtype=tf.float32, name=None)
  1923346208656: TensorSpec(shape=(16,), dtype=tf.float32, name=None)
  1923346209232: TensorSpec(shape=(4, 2), dtype=tf.int32, name=None)
  1923346211344: TensorSpec(shape=(3, 3, 16, 1), dtype=tf.float32, name=None)
  1923346210384: TensorSpec(shape=(16,), dtype=tf.float32, name=None)
  1923346211536: TensorSpec(shape=(1, 1, 16, 8), dtype=tf.float32, name=None)
  1923346213840: TensorSpec(shape=(8,), dtype=tf.float32, name=None)
  1923346212496: TensorSpec(shape=(1, 1, 8, 16), dtype=tf.float32, name=None)
  1923346208464: TensorSpec(shape=(16,), dtype=tf.float32, name=None)
  1923346214032: TensorSpec(shape=(), dtype=tf.float32, name=None)
  1923346215760: TensorSpec(shape=(), dtype=tf.float32, name=None)
  1923346216144: TensorSpec(shape=(), dtype=tf.float32, name=None)
  1923346215952: TensorSpec(shape=(1, 1, 16, 16), dtype=tf.float32, name=None)
  1923346215568: TensorSpec(shape=(16,), dtype=tf.float32, name=None)
  1923346216528: TensorSpec(shape=(1, 1, 16, 72), dtype=tf.float32, name=None)
  1923346216336: TensorSpec(shape=(72,), dtype=tf.float32, name=None)
  1923346216720: TensorSpec(shape=(4, 2), dtype=tf.int32, name=None)
  1923346217296: TensorSpec(shape=(3, 3, 72, 1), dtype=tf.float32, name=None)
  1923346214992: TensorSpec(shape=(72,), dtype=tf.float32, name=None)
  1923346217488: TensorSpec(shape=(1, 1, 72, 24), dtype=tf.float32, name=None)
  1923346216912: TensorSpec(shape=(24,), dtype=tf.float32, name=None)
  1923346217872: TensorSpec(shape=(1, 1, 24, 88), dtype=tf.float32, name=None)
  1923346217104: TensorSpec(shape=(88,), dtype=tf.float32, name=None)
  1923346218256: TensorSpec(shape=(3, 3, 88, 1), dtype=tf.float32, name=None)
  1923346217680: TensorSpec(shape=(88,), dtype=tf.float32, name=None)
  1923346218640: TensorSpec(shape=(1, 1, 88, 24), dtype=tf.float32, name=None)
  1923346218448: TensorSpec(shape=(24,), dtype=tf.float32, name=None)
  1923346218064: TensorSpec(shape=(1, 1, 24, 96), dtype=tf.float32, name=None)
  1923346218832: TensorSpec(shape=(96,), dtype=tf.float32, name=None)
  1923384738064: TensorSpec(shape=(4, 2), dtype=tf.int32, name=None)
  1923384738640: TensorSpec(shape=(5, 5, 96, 1), dtype=tf.float32, name=None)
  1923384738256: TensorSpec(shape=(96,), dtype=tf.float32, name=None)
  1923384737872: TensorSpec(shape=(1, 1, 96, 24), dtype=tf.float32, name=None)
  1923384739024: TensorSpec(shape=(24,), dtype=tf.float32, name=None)
  1923384738832: TensorSpec(shape=(1, 1, 24, 96), dtype=tf.float32, name=None)
  1923384738448: TensorSpec(shape=(96,), dtype=tf.float32, name=None)
  1923384739600: TensorSpec(shape=(), dtype=tf.float32, name=None)
  1923384739792: TensorSpec(shape=(), dtype=tf.float32, name=None)
  1923384740176: TensorSpec(shape=(), dtype=tf.float32, name=None)
  1923384739984: TensorSpec(shape=(1, 1, 96, 40), dtype=tf.float32, name=None)
  1923384739216: TensorSpec(shape=(40,), dtype=tf.float32, name=None)
  1923384740560: TensorSpec(shape=(1, 1, 40, 240), dtype=tf.float32, name=None)
  1923384740368: TensorSpec(shape=(240,), dtype=tf.float32, name=None)
  1923384741136: TensorSpec(shape=(5, 5, 240, 1), dtype=tf.float32, name=None)
  1923384740944: TensorSpec(shape=(240,), dtype=tf.float32, name=None)
  1923384740752: TensorSpec(shape=(1, 1, 240, 64), dtype=tf.float32, name=None)
  1923384741520: TensorSpec(shape=(64,), dtype=tf.float32, name=None)
  1923384741328: TensorSpec(shape=(1, 1, 64, 240), dtype=tf.float32, name=None)
  1923384739408: TensorSpec(shape=(240,), dtype=tf.float32, name=None)
  1923384742096: TensorSpec(shape=(), dtype=tf.float32, name=None)
  1923384742288: TensorSpec(shape=(), dtype=tf.float32, name=None)
  1923384742672: TensorSpec(shape=(), dtype=tf.float32, name=None)
  1923384742480: TensorSpec(shape=(1, 1, 240, 40), dtype=tf.float32, name=None)
  1923384741712: TensorSpec(shape=(40,), dtype=tf.float32, name=None)
  1923384741904: TensorSpec(shape=(1, 1, 40, 240), dtype=tf.float32, name=None)
  1923384742864: TensorSpec(shape=(240,), dtype=tf.float32, name=None)
  1923384743632: TensorSpec(shape=(5, 5, 240, 1), dtype=tf.float32, name=None)
  1923384743440: TensorSpec(shape=(240,), dtype=tf.float32, name=None)
  1923384743056: TensorSpec(shape=(1, 1, 240, 64), dtype=tf.float32, name=None)
  1923384744016: TensorSpec(shape=(64,), dtype=tf.float32, name=None)
  1923384743824: TensorSpec(shape=(1, 1, 64, 240), dtype=tf.float32, name=None)
  1923384743248: TensorSpec(shape=(240,), dtype=tf.float32, name=None)
  1923384744592: TensorSpec(shape=(), dtype=tf.float32, name=None)
  1923384744784: TensorSpec(shape=(), dtype=tf.float32, name=None)
  1923384745168: TensorSpec(shape=(), dtype=tf.float32, name=None)
  1923384744976: TensorSpec(shape=(1, 1, 240, 40), dtype=tf.float32, name=None)
  1923384744208: TensorSpec(shape=(40,), dtype=tf.float32, name=None)
  1923384744400: TensorSpec(shape=(1, 1, 40, 120), dtype=tf.float32, name=None)
  1923384745360: TensorSpec(shape=(120,), dtype=tf.float32, name=None)
  1923384746128: TensorSpec(shape=(5, 5, 120, 1), dtype=tf.float32, name=None)
  1923384745936: TensorSpec(shape=(120,), dtype=tf.float32, name=None)
  1923384745552: TensorSpec(shape=(1, 1, 120, 32), dtype=tf.float32, name=None)
  1923384746512: TensorSpec(shape=(32,), dtype=tf.float32, name=None)
  1923384746320: TensorSpec(shape=(1, 1, 32, 120), dtype=tf.float32, name=None)
  1923384745744: TensorSpec(shape=(120,), dtype=tf.float32, name=None)
  1923384747088: TensorSpec(shape=(), dtype=tf.float32, name=None)
  1923384747280: TensorSpec(shape=(), dtype=tf.float32, name=None)
  1923384747664: TensorSpec(shape=(), dtype=tf.float32, name=None)
  1923384747472: TensorSpec(shape=(1, 1, 120, 48), dtype=tf.float32, name=None)
  1923384746704: TensorSpec(shape=(48,), dtype=tf.float32, name=None)
  1923384748048: TensorSpec(shape=(1, 1, 48, 144), dtype=tf.float32, name=None)
  1923384747856: TensorSpec(shape=(144,), dtype=tf.float32, name=None)
  1923384748624: TensorSpec(shape=(5, 5, 144, 1), dtype=tf.float32, name=None)
  1923384748432: TensorSpec(shape=(144,), dtype=tf.float32, name=None)
  1923384748240: TensorSpec(shape=(1, 1, 144, 40), dtype=tf.float32, name=None)
  1923384749008: TensorSpec(shape=(40,), dtype=tf.float32, name=None)
  1923384748816: TensorSpec(shape=(1, 1, 40, 144), dtype=tf.float32, name=None)
  1923384746896: TensorSpec(shape=(144,), dtype=tf.float32, name=None)
  1923384749584: TensorSpec(shape=(), dtype=tf.float32, name=None)
  1923384749776: TensorSpec(shape=(), dtype=tf.float32, name=None)
  1923384750160: TensorSpec(shape=(), dtype=tf.float32, name=None)
  1923384749968: TensorSpec(shape=(1, 1, 144, 48), dtype=tf.float32, name=None)
  1923384749200: TensorSpec(shape=(48,), dtype=tf.float32, name=None)
  1923384749392: TensorSpec(shape=(1, 1, 48, 288), dtype=tf.float32, name=None)
  1923384750352: TensorSpec(shape=(288,), dtype=tf.float32, name=None)
  1923311203728: TensorSpec(shape=(4, 2), dtype=tf.int32, name=None)
  1923311204304: TensorSpec(shape=(5, 5, 288, 1), dtype=tf.float32, name=None)
  1923346214800: TensorSpec(shape=(288,), dtype=tf.float32, name=None)
  1923311204496: TensorSpec(shape=(1, 1, 288, 72), dtype=tf.float32, name=None)
  1923311204688: TensorSpec(shape=(72,), dtype=tf.float32, name=None)
  1923311203920: TensorSpec(shape=(1, 1, 72, 288), dtype=tf.float32, name=None)
  1923311204112: TensorSpec(shape=(288,), dtype=tf.float32, name=None)
  1923384751120: TensorSpec(shape=(), dtype=tf.float32, name=None)
  1923384750736: TensorSpec(shape=(), dtype=tf.float32, name=None)
  1923384751504: TensorSpec(shape=(), dtype=tf.float32, name=None)
  1923384751312: TensorSpec(shape=(1, 1, 288, 96), dtype=tf.float32, name=None)
  1923384750928: TensorSpec(shape=(96,), dtype=tf.float32, name=None)
  1923384751888: TensorSpec(shape=(1, 1, 96, 576), dtype=tf.float32, name=None)
  1923384751696: TensorSpec(shape=(576,), dtype=tf.float32, name=None)
  1923384752464: TensorSpec(shape=(5, 5, 576, 1), dtype=tf.float32, name=None)
  1923384752272: TensorSpec(shape=(576,), dtype=tf.float32, name=None)
  1923384752656: TensorSpec(shape=(1, 1, 576, 144), dtype=tf.float32, name=None)
  1923384752080: TensorSpec(shape=(144,), dtype=tf.float32, name=None)
  1923384752848: TensorSpec(shape=(1, 1, 144, 576), dtype=tf.float32, name=None)
  1923384750544: TensorSpec(shape=(576,), dtype=tf.float32, name=None)
  1923384753424: TensorSpec(shape=(), dtype=tf.float32, name=None)
  1923384753616: TensorSpec(shape=(), dtype=tf.float32, name=None)
  1923384754000: TensorSpec(shape=(), dtype=tf.float32, name=None)
  1923384753232: TensorSpec(shape=(1, 1, 576, 96), dtype=tf.float32, name=None)
  1923384753040: TensorSpec(shape=(96,), dtype=tf.float32, name=None)
  1923384753808: TensorSpec(shape=(1, 1, 96, 576), dtype=tf.float32, name=None)
  1923333030352: TensorSpec(shape=(576,), dtype=tf.float32, name=None)
  1923333030736: TensorSpec(shape=(5, 5, 576, 1), dtype=tf.float32, name=None)
  1923333030544: TensorSpec(shape=(576,), dtype=tf.float32, name=None)
  1923333030160: TensorSpec(shape=(1, 1, 576, 144), dtype=tf.float32, name=None)
  1923333029968: TensorSpec(shape=(144,), dtype=tf.float32, name=None)
  1923333031120: TensorSpec(shape=(1, 1, 144, 576), dtype=tf.float32, name=None)
  1923333030928: TensorSpec(shape=(576,), dtype=tf.float32, name=None)
  1923333031312: TensorSpec(shape=(), dtype=tf.float32, name=None)
  1923333031888: TensorSpec(shape=(), dtype=tf.float32, name=None)
  1923333032272: TensorSpec(shape=(), dtype=tf.float32, name=None)
  1923333032080: TensorSpec(shape=(1, 1, 576, 96), dtype=tf.float32, name=None)
  1923333031504: TensorSpec(shape=(96,), dtype=tf.float32, name=None)
  1923333031696: TensorSpec(shape=(1, 1, 96, 576), dtype=tf.float32, name=None)
  1923333032464: TensorSpec(shape=(576,), dtype=tf.float32, name=None)
  1923333033616: TensorSpec(shape=(576, 1024), dtype=tf.float32, name=None)
  1923333033808: TensorSpec(shape=(), dtype=tf.float32, name=None)
  1923333034000: TensorSpec(shape=(1024,), dtype=tf.float32, name=None)
  1923333034192: TensorSpec(shape=(1024, 5), dtype=tf.float32, name=None)
  1923333033232: TensorSpec(shape=(), dtype=tf.float32, name=None)
  1923333034576: TensorSpec(shape=(5,), dtype=tf.float32, name=None)

WARNING: All log messages before absl::InitializeLog() is called are written to STDERR
I0000 00:00:1779555225.996004   11816 port.cc:153] oneDNN custom operations are on. You may see slightly different numerical results due to floating-point round-off errors from different computation orders. To turn them off, set the environment variable `TF_ENABLE_ONEDNN_OPTS=0`.
WARNING: All log messages before absl::InitializeLog() is called are written to STDERR
I0000 00:00:1779555230.837542   11816 port.cc:153] oneDNN custom operations are on. You may see slightly different numerical results due to floating-point round-off errors from different computation orders. To turn them off, set the environment variable `TF_ENABLE_ONEDNN_OPTS=0`.
WARNING:tensorflow:From C:\Users\Lorenzo Bela\Downloads\Elective Machine Learning\.venv\Lib\site-packages\tf_keras\src\losses.py:2976: The name tf.losses.sparse_softmax_cross_entropy is deprecated. Please use tf.compat.v1.losses.sparse_softmax_cross_entropy instead.

